TESTING: /mnt/c/Users/devin/OneDrive/Documents/Georgia_Tech/CS3220/lab1/lab1/test/part3/add.mem
Passed!
TESTING: /mnt/c/Users/devin/OneDrive/Documents/Georgia_Tech/CS3220/lab1/lab1/test/part3/and.mem
Passed!
TESTING: /mnt/c/Users/devin/OneDrive/Documents/Georgia_Tech/CS3220/lab1/lab1/test/part3/andi.mem
Passed!
TESTING: /mnt/c/Users/devin/OneDrive/Documents/Georgia_Tech/CS3220/lab1/lab1/test/part3/bgeu.mem
Passed!
TESTING: /mnt/c/Users/devin/OneDrive/Documents/Georgia_Tech/CS3220/lab1/lab1/test/part3/blt.mem
Passed!
TESTING: /mnt/c/Users/devin/OneDrive/Documents/Georgia_Tech/CS3220/lab1/lab1/test/part3/bltu.mem
Passed!
TESTING: /mnt/c/Users/devin/OneDrive/Documents/Georgia_Tech/CS3220/lab1/lab1/test/part3/bne.mem
Passed!
TESTING: /mnt/c/Users/devin/OneDrive/Documents/Georgia_Tech/CS3220/lab1/lab1/test/part3/jal.mem
Passed!
TESTING: /mnt/c/Users/devin/OneDrive/Documents/Georgia_Tech/CS3220/lab1/lab1/test/part3/jalr.mem
Passed!
TESTING: /mnt/c/Users/devin/OneDrive/Documents/Georgia_Tech/CS3220/lab1/lab1/test/part3/lui.mem
Passed!
TESTING: /mnt/c/Users/devin/OneDrive/Documents/Georgia_Tech/CS3220/lab1/lab1/test/part3/lw.mem
Passed!
TESTING: /mnt/c/Users/devin/OneDrive/Documents/Georgia_Tech/CS3220/lab1/lab1/test/part3/or.mem
Passed!
TESTING: /mnt/c/Users/devin/OneDrive/Documents/Georgia_Tech/CS3220/lab1/lab1/test/part3/ori.mem
Passed!
TESTING: /mnt/c/Users/devin/OneDrive/Documents/Georgia_Tech/CS3220/lab1/lab1/test/part3/simple.mem
Passed!
TESTING: /mnt/c/Users/devin/OneDrive/Documents/Georgia_Tech/CS3220/lab1/lab1/test/part3/sll.mem
Passed!
TESTING: /mnt/c/Users/devin/OneDrive/Documents/Georgia_Tech/CS3220/lab1/lab1/test/part3/slli.mem
Passed!
TESTING: /mnt/c/Users/devin/OneDrive/Documents/Georgia_Tech/CS3220/lab1/lab1/test/part3/slt.mem
Passed!
TESTING: /mnt/c/Users/devin/OneDrive/Documents/Georgia_Tech/CS3220/lab1/lab1/test/part3/slti.mem
Passed!
TESTING: /mnt/c/Users/devin/OneDrive/Documents/Georgia_Tech/CS3220/lab1/lab1/test/part3/sltiu.mem
Passed!
TESTING: /mnt/c/Users/devin/OneDrive/Documents/Georgia_Tech/CS3220/lab1/lab1/test/part3/sltu.mem
Passed!
TESTING: /mnt/c/Users/devin/OneDrive/Documents/Georgia_Tech/CS3220/lab1/lab1/test/part3/sra.mem
Passed!
TESTING: /mnt/c/Users/devin/OneDrive/Documents/Georgia_Tech/CS3220/lab1/lab1/test/part3/srai.mem
Passed!
TESTING: /mnt/c/Users/devin/OneDrive/Documents/Georgia_Tech/CS3220/lab1/lab1/test/part3/srl.mem
Passed!
TESTING: /mnt/c/Users/devin/OneDrive/Documents/Georgia_Tech/CS3220/lab1/lab1/test/part3/srli.mem
Passed!
TESTING: /mnt/c/Users/devin/OneDrive/Documents/Georgia_Tech/CS3220/lab1/lab1/test/part3/sub.mem
Passed!
TESTING: /mnt/c/Users/devin/OneDrive/Documents/Georgia_Tech/CS3220/lab1/lab1/test/part3/sw.mem
Passed!
TESTING: /mnt/c/Users/devin/OneDrive/Documents/Georgia_Tech/CS3220/lab1/lab1/test/part3/test10.mem
Passed!
TESTING: /mnt/c/Users/devin/OneDrive/Documents/Georgia_Tech/CS3220/lab1/lab1/test/part3/testall.mem
Passed!
TESTING: /mnt/c/Users/devin/OneDrive/Documents/Georgia_Tech/CS3220/lab1/lab1/test/part3/xor.mem
Passed!
TESTING: /mnt/c/Users/devin/OneDrive/Documents/Georgia_Tech/CS3220/lab1/lab1/test/part3/xori.mem
Passed!
