TESTING: /mnt/c/Users/devin/OneDrive/Documents/Georgia_Tech/CS3220/lab1/lab1/test/part2/add.mem
Passed!
TESTING: /mnt/c/Users/devin/OneDrive/Documents/Georgia_Tech/CS3220/lab1/lab1/test/part2/addi.mem
Passed!
TESTING: /mnt/c/Users/devin/OneDrive/Documents/Georgia_Tech/CS3220/lab1/lab1/test/part2/auipc.mem
Passed!
TESTING: /mnt/c/Users/devin/OneDrive/Documents/Georgia_Tech/CS3220/lab1/lab1/test/part2/beq.mem
Passed!
TESTING: /mnt/c/Users/devin/OneDrive/Documents/Georgia_Tech/CS3220/lab1/lab1/test/part2/bge.mem
Passed!
TESTING: /mnt/c/Users/devin/OneDrive/Documents/Georgia_Tech/CS3220/lab1/lab1/test/part2/jal.mem
Passed!
TESTING: /mnt/c/Users/devin/OneDrive/Documents/Georgia_Tech/CS3220/lab1/lab1/test/part2/jalr.mem
Passed!
TESTING: /mnt/c/Users/devin/OneDrive/Documents/Georgia_Tech/CS3220/lab1/lab1/test/part2/test7.mem
Passed!
TESTING: /mnt/c/Users/devin/OneDrive/Documents/Georgia_Tech/CS3220/lab1/lab1/test/part2/test8.mem
Passed!
TESTING: /mnt/c/Users/devin/OneDrive/Documents/Georgia_Tech/CS3220/lab1/lab1/test/part2/test9.mem
Passed!
